
--- 2026-09-27T10:25:54.646Z debug
🪵  Writing logs to "/home/zedit/Documents/Gluten-Freeat/.wrangler-config/.wrangler/logs/wrangler-2026-09-27_10-25-54_423.log"
---

--- 2026-09-27T10:25:54.646Z debug
.env file not found at "/home/zedit/Documents/Gluten-Freeat/.env". Continuing... For more details, refer to https://developers.cloudflare.com/workers/wrangler/system-environment-variables/
---

--- 2026-09-27T10:25:54.662Z log

 ⛅️ wrangler 4.92.0 (update available 4.141.0)
──────────────────────────────────────────────
---

--- 2026-09-27T10:25:54.664Z log
Resource location: local 

---

--- 2026-09-27T10:25:54.664Z log
Use --remote if you want to access the remote instance.

---

--- 2026-09-27T10:25:54.675Z debug
Metrics dispatcher: Posting data {"deviceId":"11abb1d2-c89c-4617-9a5d-62ef9c095aaa","event":"wrangler command started","timestamp":1790504754675,"properties":{"amplitude_session_id":1790504754672,"amplitude_event_id":0,"wranglerVersion":"4.92.0","wranglerMajorVersion":4,"wranglerMinorVersion":92,"wranglerPatchVersion":0,"osPlatform":"Linux","osVersion":"#34-Ubuntu SMP PREEMPT_DYNAMIC Wed Sep  2 14:29:37 UTC 2026","nodeVersion":22,"packageManager":"npm","isFirstUsage":false,"configFileType":"jsonc","isCI":false,"isPagesCI":false,"isWorkersCI":false,"isInteractive":false,"hasAssets":false,"agent":null,"argsUsed":["config","local"],"argsCombination":"config, local","sanitizedCommand":"d1 migrations apply","sanitizedArgs":{"local":true}}}
---

--- 2026-09-27T10:25:54.731Z log
🌀 Executing on local database site-creator-d1 (00000000-0000-4000-8000-000000000000) from .wrangler/state/v3/d1:
---

--- 2026-09-27T10:25:54.731Z log
🌀 To execute on your remote database, add a --remote flag to your wrangler command.
---

--- 2026-09-27T10:25:55.055Z log
🚣 1 command executed successfully.
---

--- 2026-09-27T10:25:55.056Z log
🌀 Executing on local database site-creator-d1 (00000000-0000-4000-8000-000000000000) from .wrangler/state/v3/d1:
---

--- 2026-09-27T10:25:55.056Z log
🌀 To execute on your remote database, add a --remote flag to your wrangler command.
---

--- 2026-09-27T10:25:55.367Z log
🚣 1 command executed successfully.
---

--- 2026-09-27T10:25:55.368Z log
Migrations to be applied:
---

--- 2026-09-27T10:25:55.374Z log
┌─────────────────────────────┐
│ name                        │
├─────────────────────────────┤
│ 0008_trial_cancellation.sql │
└─────────────────────────────┘
---

--- 2026-09-27T10:25:55.376Z log
? About to apply 1 migration(s)
Your database may not be available to serve requests during the migration, continue?
---

--- 2026-09-27T10:25:55.377Z log
🤖 Using fallback value in non-interactive context: yes
---

--- 2026-09-27T10:25:55.378Z log
🌀 Executing on local database site-creator-d1 (00000000-0000-4000-8000-000000000000) from .wrangler/state/v3/d1:
---

--- 2026-09-27T10:25:55.378Z log
🌀 To execute on your remote database, add a --remote flag to your wrangler command.
---

--- 2026-09-27T10:25:55.730Z log
🚣 2 commands executed successfully.
---

--- 2026-09-27T10:25:55.733Z log
┌─────────────────────────────┬────────┐
│ name                        │ status │
├─────────────────────────────┼────────┤
│ 0008_trial_cancellation.sql │ ✅     │
└─────────────────────────────┴────────┘
---

--- 2026-09-27T10:25:55.739Z debug
Metrics dispatcher: Posting data {"deviceId":"11abb1d2-c89c-4617-9a5d-62ef9c095aaa","event":"wrangler command completed","timestamp":1790504755739,"properties":{"amplitude_session_id":1790504754672,"amplitude_event_id":1,"wranglerVersion":"4.92.0","wranglerMajorVersion":4,"wranglerMinorVersion":92,"wranglerPatchVersion":0,"osPlatform":"Linux","osVersion":"#34-Ubuntu SMP PREEMPT_DYNAMIC Wed Sep  2 14:29:37 UTC 2026","nodeVersion":22,"packageManager":"npm","isFirstUsage":false,"configFileType":"jsonc","isCI":false,"isPagesCI":false,"isWorkersCI":false,"isInteractive":false,"hasAssets":false,"agent":null,"argsUsed":["config","local"],"argsCombination":"config, local","sanitizedCommand":"d1 migrations apply","sanitizedArgs":{"local":true},"durationMs":1083}}
---
