
--- 2026-09-25T07:14:58.100Z debug
🪵  Writing logs to "/home/zedit/Documents/Gluten-Freeat/.wrangler-config/.wrangler/logs/wrangler-2026-09-25_07-14-57_856.log"
---

--- 2026-09-25T07:14:58.099Z debug
.env file not found at "/home/zedit/Documents/Gluten-Freeat/.env". Continuing... For more details, refer to https://developers.cloudflare.com/workers/wrangler/system-environment-variables/
---

--- 2026-09-25T07:14:58.115Z log

 ⛅️ wrangler 4.92.0 (update available 4.140.0)
──────────────────────────────────────────────
---

--- 2026-09-25T07:14:58.117Z log
Resource location: local 

---

--- 2026-09-25T07:14:58.117Z log
Use --remote if you want to access the remote instance.

---

--- 2026-09-25T07:14:58.127Z debug
Metrics dispatcher: Posting data {"deviceId":"11abb1d2-c89c-4617-9a5d-62ef9c095aaa","event":"wrangler command started","timestamp":1790320498127,"properties":{"amplitude_session_id":1790320498124,"amplitude_event_id":0,"wranglerVersion":"4.92.0","wranglerMajorVersion":4,"wranglerMinorVersion":92,"wranglerPatchVersion":0,"osPlatform":"Linux","osVersion":"#31-Ubuntu SMP PREEMPT_DYNAMIC Sat Aug  1 04:26:38 UTC 2026","nodeVersion":22,"packageManager":"npm","isFirstUsage":false,"configFileType":"jsonc","isCI":false,"isPagesCI":false,"isWorkersCI":false,"isInteractive":true,"hasAssets":false,"agent":null,"argsUsed":["config","local"],"argsCombination":"config, local","sanitizedCommand":"d1 migrations apply","sanitizedArgs":{"local":true}}}
---

--- 2026-09-25T07:14:58.176Z log
🌀 Executing on local database site-creator-d1 (00000000-0000-4000-8000-000000000000) from .wrangler/state/v3/d1:
---

--- 2026-09-25T07:14:58.176Z log
🌀 To execute on your remote database, add a --remote flag to your wrangler command.
---

--- 2026-09-25T07:14:58.535Z log
🚣 1 command executed successfully.
---

--- 2026-09-25T07:14:58.536Z log
🌀 Executing on local database site-creator-d1 (00000000-0000-4000-8000-000000000000) from .wrangler/state/v3/d1:
---

--- 2026-09-25T07:14:58.536Z log
🌀 To execute on your remote database, add a --remote flag to your wrangler command.
---

--- 2026-09-25T07:14:58.829Z log
🚣 1 command executed successfully.
---

--- 2026-09-25T07:14:58.830Z log
✅ No migrations to apply!
---

--- 2026-09-25T07:14:58.831Z debug
Metrics dispatcher: Posting data {"deviceId":"11abb1d2-c89c-4617-9a5d-62ef9c095aaa","event":"wrangler command completed","timestamp":1790320498830,"properties":{"amplitude_session_id":1790320498124,"amplitude_event_id":1,"wranglerVersion":"4.92.0","wranglerMajorVersion":4,"wranglerMinorVersion":92,"wranglerPatchVersion":0,"osPlatform":"Linux","osVersion":"#31-Ubuntu SMP PREEMPT_DYNAMIC Sat Aug  1 04:26:38 UTC 2026","nodeVersion":22,"packageManager":"npm","isFirstUsage":false,"configFileType":"jsonc","isCI":false,"isPagesCI":false,"isWorkersCI":false,"isInteractive":true,"hasAssets":false,"agent":null,"argsUsed":["config","local"],"argsCombination":"config, local","sanitizedCommand":"d1 migrations apply","sanitizedArgs":{"local":true},"durationMs":727}}
---
